---------------------------conneect git--------------------------
1.  install Git
2.  go to your cmd & type ( connect pannuvathatku )-> git 
  ->  git config --global user.name "Mursith-Sharma"
  ->  git config --global user.email "mmursith12345@gmail.com"
  -> connect aahitta enpahai paarkka -> git config --global --list
3. create any folder in your pc & go and open folder in your vs code & go to terminal enter folder path and connect github file link like keele iruppathu pola
4.go to your vs code terminal PS C:\wamp64\github_folder> git clone https://github.com/Mursith-Sharma/Projects.git            {syntex  ->>  (cd path/to/your/folder)     github il folder il code entru irukkum antha code than upload pannal .gt entru varum}
5. PS C:\wamp64\github_folder>        <<--  now you irukkum path
6. ls adiththu athilulla folder kku poga vendum (cd your folder)
----------------------------make file---------------------------
7. antha folder il ethavathu new text file create pannungal.  vs code moolamaga or dekstop in moolamaga text file create pannavum.ex:- (test2.txt) but github moolamaga create panna vendaam  
8. git status ( type in terminal )
9. git status kodukkavum . after athil Untracked files: entru varum athatkara reason neengal create panniya file github il track panna mudiyavillai. athai kurikka arukil "U" entru sympol irukkum 
10. after type -> git add test2.txt
8. ippoluthu "U" entra sympol "A" entru maaari irukkum
12. now type -> git status adiththal Changes to be committed: entru varum
13. now file aanathu working area ilirunthu staging area ku sentrirukkirathu (git add type pannathan moolamaga)
14. now [Staging Area] → to → [Local Repository] pooga vendum ( git commit ) seiya vendum
15. so type ->  git commit -m "create test2.txt file" (( -m enpathu massage athavathu commit msg virumpiya msg kodukkalam))
16. finally push koduththu github il upload pannal. type in cmd -->  git push origin main 
17. main enpathu ungal github ilulla branch . sgal branch name ethuvo athai kodukka vendum
18. finally sign in with your browser ena varum athil signin pannavum (1st time only)
19. ippoluthu projects enum folder inai github il refesh seithal antha text2.txt enum file irukkum
----------------------------delete file-------------------------
20. now vs code ilulla naam create panniya test2.txt file alinthal github il aliyathu now naam athai alikka vendum
21. so now we delete test.txt in our coumputer. after naam delete pannathai git kku therivikka vendum . naaam file ontri github il show panna enna seithomo athai meendum seiya vendum
22. so --> git add test2.txt
23. git status
24. type -> git commit -m "test2.txt deleted"
25. git status
26. git push
27.ippoluthu github il refresh seithal antha fileirukkathu2
-------------------------github file inai pc il eduththal------------------------
28. already desktop il create seitha file inai  github il eduththom & delete seithom NOW github il create panniya file inai desktop il edukka pohirom
29. type -> git pull
30. ippoluthu neengal create seitha file vs code or pc il vanthirukkum
------------------ access any folder in github ----------------------------
31. ippoluthu desktop il somthing veroru folder inai github kku evvaru kondu selvathu
32. now my location c partition. ithilirunthu ivvaru 2 muaikalil sella mudium -->>    cd ".\New folder"         or       cd "C:\New folder"
33. folder name il space illavittal -> cd '.\New_folder' ivvaru kodukka mudium. but space irunthal ivvaru kodukka vendum cd ".\New folder"
34. bridge create panna -> git init 
35. antha folder il pala filse irunthal athai oreneraththil add panna dot ida vendum -> PS C:\New folder> git add .
36. next ->> git commit -m " create test1.txt and test2.txt"
37. now git push aagathu bcz github in old version il git branch name master entru irukkum athanal error varum. let's try this commend -> (PS C:\New folder> git push origin main) & ( PS C:\New folder> git branch )
38. so change branch name ->> git branch -M main
39. now branch connected. now github ilullla repositery connect panna vendum
40. so next ->>  git remote add origin https://github.com/Mursith-Sharma/Projects.git
41. origin il error vanthal try this -> git remote remove origin
42. finally -> git push -u origin main
43. after refresh your github . athil desktop ilulla 2 files um irukkum
############################################################ how this work ###########################################################################

[Working Directory] → `git add` → [Staging Area] → `git commit` → [Local Repository] → `git push` → [GitHub]
      ↑                                                                                     ↓
      `git checkout`                                                                        `git pull`

  +-------------------+       +---------------+       +-------------------+       +--------+
  |  WORKING DIRECTORY |       |  STAGING AREA  |       | LOCAL REPOSITORY  |       | GITHUB  |
  |  (Your Files)      |       |  (Index)       |       | (.git folder)     |       | (Cloud) |
  +-------------------+       +---------------+       +-------------------+       +--------+
          |                          |                         |                       |
          | 1. Edit files            |                         |                       |
          | (untracked/modified)     |                         |                       |
          |------------------------> |                         |                       |
          |                          |                         |                       |
          | 2. `git add`             |                         |                       |
          | (stage changes)          |                         |                       |
          |------------------------> |                         |                       |
          |                          |                         |                       |
          | 3. `git commit`          |                         |                       |
          | (save snapshot)          |                         |                       |
          |---------------------------------------------->     |                       |
          |                          |                         |                       |
          | 4. `git push`            |                         |                       |
          | (send to GitHub)         |                         |                       |
          |---------------------------------------------------------------------> |
          |                          |                         |                       |
          | 5. `git pull`            |                         |                       |
          | (get updates)            |                         |                       |
          | <--------------------------------------------------------------------- |
          |                          |                         |                       |
  +-------------------+       +---------------+       +-------------------+       +--------+

###########################################################  in cmd live view #########################################################################

4))))
PS C:\wamp64\github_folder> git clone https://github.com/Mursith-Sharma/Projects.git      
Cloning into 'Projects'...
remote: Enumerating objects: 10, done.
remote: Counting objects: 100% (10/10), done.
remote: Compressing objects: 100% (4/4), done.
remote: Total 10 (delta 0), reused 0 (delta 0), pack-reused 0 (from 0)
Receiving objects: 100% (10/10), done.
6))))
PS C:\wamp64\github_folder> ls


    Directory: C:\wamp64\github_folder


Mode                 LastWriteTime         Length Name
----                 -------------         ------ ----
d-----        14/06/2025  10:55 AM                Assignments
d-----        14/06/2025  11:13 AM                My-C-Journey
d-----        14/06/2025  11:15 AM                My-Other-Languages-
d-----        14/06/2025  12:19 PM                Projects


PS C:\wamp64\github_folder> cd .\projects\
8))))
PS C:\wamp64\github_folder\projects> git status
On branch main
Your branch is up to date with 'origin/main'.

Untracked files:
  (use "git add <file>..." to include in what will be committed)
        test2.txt

nothing added to commit but untracked files present (use "git add" to track)
10))))
PS C:\wamp64\github_folder\projects> git add test2.txt
12))))
PS C:\wamp64\github_folder\projects> git status
On branch main
Your branch is up to date with 'origin/main'.

Changes to be committed:
  (use "git restore --staged <file>..." to unstage)
        new file:   test2.txt
15))))
PS C:\wamp64\github_folder\projects> git commit -m "create test2.txt file"
16))))
PS C:\wamp64\github_folder\projects> git push origin main 
16))))
PS C:\wamp64\github_folder\projects> git status     (text2.txt file delete pannavudan gitstatus adiththal )
On branch main
Your branch is up to date with 'origin/main'.

Changes not staged for commit:                                                       <<-- innum commit aahavillai
  (use "git add/rm <file>..." to update what will be committed)
  (use "git restore <file>..." to discard changes in working directory)
        deleted:    test2.txt

no changes added to commit (use "git add" and/or "git commit -a")
22)))
PS C:\wamp64\github_folder\projects>  git add test2.txt
PS C:\wamp64\github_folder\projects> git status
On branch main
Your branch is up to date with 'origin/main'.

Changes to be committed:
  (use "git restore --staged <file>..." to unstage)
        deleted:    test2.txt
24)))
PS C:\wamp64\github_folder\projects> git commit -m "test2.txt deleted"
26)))
PS C:\wamp64\github_folder\projects> git push
29)))
PS C:\wamp64\github_folder\assignments> git pull
32)))
 PS C:\> cd "C:\New folder"
33)))
PS C:\New folder> git init
34)))
PS C:\New folder> git add .
37)))
PS C:\New folder> git commit -m " create test1.txt and test2.txt"
38)))
PS C:\New folder> git branch -M main
40)))
PS C:\New folder> git remote add origin https://github.com/Mursith-Sharma/Projects.git
41)))
PS C:\New folder> git remote remove origin
42)))
PS C:\New folder> git push -u origin main

##########################################################################

Working Directory
........|........
........| git add
........V........
Staging Area
........|........
........| git commit
........V........
Local Repository
........|........
........| git push
........V........
Remote (GitHub)
........|........
........| git pull
........^........

####################################################################################################################################
